---
source: test/signature_parse.rs
expression: field_signature
---
Field:
  field_type:
    TypeVariable: T

