---
source: src/generate/signature.rs
expression: writer.to_string()
---
"<TLjava/lang/Object;>Ljava/lang/Object;Ljava/lang/Comparable;"

