---
source: src/generate/signature.rs
expression: writer.to_string()
---
Ljava/lang/String;

