---
source: tests/signature_writer.rs
expression: writer.to_string()
---
"<TLjava/lang/Object;>Ljava/lang/Object;Ljava/lang/Comparable;"

